
> care-continuum-bridge@0.1.0 build
> next build

node.exe : ΓÜá 
Warning: Next.js 
inferred your 
workspace root, but 
it may not be correct.
At C:\Program Files\no
dejs\npm.ps1:29 char:3
+   & $NODE_EXE 
$NPM_CLI_JS $args
+   ~~~~~~~~~~~~~~~~~~
~~~~~~~~~~~
    + CategoryInfo    
          : NotSpeci  
  fied: (ΓÜá Warnin   
 g: Ne...not be co    
rrect.:String) []    
, RemoteException
    + FullyQualifiedE 
   rrorId : NativeCo  
  mmandError
 
 We detected multiple 
lockfiles and 
selected the 
directory of 
C:\Users\Talha kamran\
package-lock.json as 
the root directory.
 To silence this 
warning, set 
`turbopack.root` in 
your Next.js config, 
or consider removing 
one of the lockfiles 
if it's not needed.
   See https://nextjs.
org/docs/app/api-refer
ence/config/next-confi
g-js/turbopack#root-di
rectory for more 
information.
 Detected additional 
lockfiles: 
   * C:\Users\Talha ka
mran\Documents\GIT_HAC
K_MIND\package-lock.js
on

Γû▓ Next.js 16.1.6 (Turbopack)
- Environments: .env.local

  Creating an optimized production build ...

> Build error occurred
Error: Turbopack 
build failed with 1 
errors:
./Documents/GIT_HACK_M
IND/src/app/globals.cs
s
Error evaluating 
Node.js code
Error: It looks like 
you're trying to use 
`tailwindcss` 
directly as a PostCSS 
plugin. The PostCSS 
plugin has moved to a 
separate package, so 
to continue using 
Tailwind CSS with 
PostCSS you'll need 
to install `@tailwindc
ss/postcss` and 
update your PostCSS 
configuration.
    [at at 
(C:\Users\Talha kamran
\Documents\GIT_HACK_MI
ND\node_modules\tailwi
ndcss\dist\lib.js:38:1
643)]
    at turbopack:///[t
urbopack-node]/transfo
rms/postcss.ts:56:14 
[C:\Users\Talha kamran
\Documents\GIT_HACK_MI
ND\.next\build\chunks\
[root-of-the-server]__
5249481b._.js:165:20]
    [at <anonymous>]
    at Module.init (tu
rbopack:///[turbopack-
node]/transforms/postc
ss.ts:43:33) 
[C:\Users\Talha kamran
\Documents\GIT_HACK_MI
ND\.next\build\chunks\
[root-of-the-server]__
5249481b._.js:155:35]
    at run (turbopack:
///[turbopack-node]/ip
c/evaluate.ts:77:20) 
[C:\Users\Talha kamran
\Documents\GIT_HACK_MI
ND\.next\build\chunks\
[root-of-the-server]__
e08b89d9._.js:429:26]

Import trace:
  Client Component 
Browser:
    ./Documents/GIT_HA
CK_MIND/src/app/global
s.css [Client 
Component Browser]
    ./Documents/GIT_HA
CK_MIND/src/app/layout
.js [Server Component]


    at Module.init (tu
rbopack:///[turbopack-
node]/transforms/postc
ss.ts:43:33) 
[C:\Users\Talha kamran
\Documents\GIT_HACK_MI
ND\.next\build\chunks\
[root-of-the-server]__
5249481b._.js:155:35])
    at run (turbopack:
///[turbopack-node]/ip
c/evaluate.ts:77:20) 
[C:\Users\Talha kamran
\Documents\GIT_HACK_MI
ND\.next\build\chunks\
[root-of-the-server]__
e08b89d9._.js:429:26])
